// Jest Snapshot v1, https://goo.gl/fbAQLP

exports[`renders learn react link 1`] = `
<div>
  <h1>
    Media
  </h1>
  <nav
    class="makeStyles-root-1"
  >
    <div
      class="MuiGrid-root MuiGrid-container MuiGrid-spacing-xs-1 css-a5rdam-MuiGrid-root"
    >
      <div
        class="MuiGrid-root MuiGrid-item MuiGrid-grid-xs-auto css-1wrgmsj-MuiGrid-root"
      >
        <a
          class="MuiTypography-root MuiTypography-inherit MuiLink-root MuiLink-underlineHover css-11iau0r-MuiTypography-root-MuiLink-root"
          href="/"
        >
          Home
        </a>
      </div>
      <div
        class="MuiGrid-root MuiGrid-item MuiGrid-grid-xs-auto css-1wrgmsj-MuiGrid-root"
      >
        <a
          class="MuiTypography-root MuiTypography-inherit MuiLink-root MuiLink-underlineHover css-11iau0r-MuiTypography-root-MuiLink-root"
          href="/monitor"
        >
          Monitors
        </a>
      </div>
      <div
        class="MuiGrid-root MuiGrid-item MuiGrid-grid-xs-auto css-1wrgmsj-MuiGrid-root"
      >
        <a
          class="MuiTypography-root MuiTypography-inherit MuiLink-root MuiLink-underlineHover css-11iau0r-MuiTypography-root-MuiLink-root"
          href="http://novell.mause.me:9091"
          rel="noopener noreferrer"
          target="_blank"
        >
          Transmission
        </a>
      </div>
      <div
        class="MuiGrid-root MuiGrid-item MuiGrid-grid-xs-auto css-1wrgmsj-MuiGrid-root"
      >
        <a
          class="MuiTypography-root MuiTypography-inherit MuiLink-root MuiLink-underlineHover css-11iau0r-MuiTypography-root-MuiLink-root"
          href="https://app.plex.tv"
          rel="noopener noreferrer"
          target="_blank"
        >
          Plex
        </a>
      </div>
      <div
        class="MuiGrid-root MuiGrid-item MuiGrid-grid-xs-auto css-1wrgmsj-MuiGrid-root"
      >
        <a
          class="MuiTypography-root MuiTypography-inherit MuiLink-root MuiLink-underlineHover css-11iau0r-MuiTypography-root-MuiLink-root"
          href="#"
        >
          Logout
        </a>
      </div>
    </div>
  </nav>
  <br />
  <div>
    <form>
      <input
        name="query"
      />
      Â 
      <input
        type="submit"
        value="Search"
      />
    </form>
    <div
      class="colA"
    >
      <h2>
        Movies 
        <svg
          aria-hidden="true"
          class="svg-inline--fa fa-spinner fa-w-16 fa-spin fa-xs "
          data-icon="spinner"
          data-prefix="fas"
          focusable="false"
          role="img"
          viewBox="0 0 512 512"
          xmlns="http://www.w3.org/2000/svg"
        >
          <path
            d="M304 48c0 26.51-21.49 48-48 48s-48-21.49-48-48 21.49-48 48-48 48 21.49 48 48zm-48 368c-26.51 0-48 21.49-48 48s21.49 48 48 48 48-21.49 48-48-21.49-48-48-48zm208-208c-26.51 0-48 21.49-48 48s21.49 48 48 48 48-21.49 48-48-21.49-48-48-48zM96 256c0-26.51-21.49-48-48-48S0 229.49 0 256s21.49 48 48 48 48-21.49 48-48zm12.922 99.078c-26.51 0-48 21.49-48 48s21.49 48 48 48 48-21.49 48-48c0-26.509-21.491-48-48-48zm294.156 0c-26.51 0-48 21.49-48 48s21.49 48 48 48 48-21.49 48-48c0-26.509-21.49-48-48-48zM108.922 60.922c-26.51 0-48 21.49-48 48s21.49 48 48 48 48-21.49 48-48-21.491-48-48-48z"
            fill="currentColor"
          />
        </svg>
      </h2>
      <ul />
    </div>
    <div>
      <div
        class="colB"
      >
        <h2>
          TV Shows 
          <svg
            aria-hidden="true"
            class="svg-inline--fa fa-spinner fa-w-16 fa-spin fa-xs "
            data-icon="spinner"
            data-prefix="fas"
            focusable="false"
            role="img"
            viewBox="0 0 512 512"
            xmlns="http://www.w3.org/2000/svg"
          >
            <path
              d="M304 48c0 26.51-21.49 48-48 48s-48-21.49-48-48 21.49-48 48-48 48 21.49 48 48zm-48 368c-26.51 0-48 21.49-48 48s21.49 48 48 48 48-21.49 48-48-21.49-48-48-48zm208-208c-26.51 0-48 21.49-48 48s21.49 48 48 48 48-21.49 48-48-21.49-48-48-48zM96 256c0-26.51-21.49-48-48-48S0 229.49 0 256s21.49 48 48 48 48-21.49 48-48zm12.922 99.078c-26.51 0-48 21.49-48 48s21.49 48 48 48 48-21.49 48-48c0-26.509-21.491-48-48-48zm294.156 0c-26.51 0-48 21.49-48 48s21.49 48 48 48 48-21.49 48-48c0-26.509-21.49-48-48-48zM108.922 60.922c-26.51 0-48 21.49-48 48s21.49 48 48 48 48-21.49 48-48-21.491-48-48-48z"
              fill="currentColor"
            />
          </svg>
        </h2>
      </div>
    </div>
  </div>
</div>
`;
