// Vitest Snapshot v1, https://vitest.dev/guide/snapshot.html

exports[`AxiosErrorCatcher 1`] = `
<div>
  <div>
    Thing
  </div>
</div>
`;
