// Jest Snapshot v1, https://goo.gl/fbAQLP

exports[`DownloadAllComponent 1`] = `
<div>
  <div>
    <nav
      aria-label="breadcrumb"
      class="MuiTypography-root MuiTypography-body1 MuiBreadcrumbs-root css-5cvx94-MuiTypography-root-MuiBreadcrumbs-root"
    >
      <ol
        class="MuiBreadcrumbs-ol css-1uwp4ue-MuiBreadcrumbs-ol"
      >
        <li
          class="MuiBreadcrumbs-li"
        >
          <nav
            class="MuiTypography-root MuiTypography-body1 MuiBreadcrumbs-root css-5cvx94-MuiTypography-root-MuiBreadcrumbs-root"
          >
            <ol
              class="MuiBreadcrumbs-ol css-1uwp4ue-MuiBreadcrumbs-ol"
            >
              <li
                class="MuiBreadcrumbs-li"
              >
                <a
                  class="MuiTypography-root MuiTypography-inherit MuiLink-root MuiLink-underlineHover css-nv1n36-MuiTypography-root-MuiLink-root"
                  href="/"
                >
                  Home
                </a>
              </li>
              <li
                aria-hidden="true"
                class="MuiBreadcrumbs-separator css-jhr02i-MuiBreadcrumbs-separator"
              >
                /
              </li>
              <li
                class="MuiBreadcrumbs-li"
              >
                <p
                  class="MuiTypography-root MuiTypography-body1 css-rizt0-MuiTypography-root"
                >
                  Search Results
                </p>
              </li>
            </ol>
          </nav>
        </li>
        <li
          aria-hidden="true"
          class="MuiBreadcrumbs-separator css-jhr02i-MuiBreadcrumbs-separator"
        >
          /
        </li>
        <li
          class="MuiBreadcrumbs-li"
        >
          <a
            class="MuiTypography-root MuiTypography-inherit MuiLink-root MuiLink-underlineHover css-nv1n36-MuiTypography-root-MuiLink-root"
            href="/select/1/season"
          />
        </li>
        <li
          aria-hidden="true"
          class="MuiBreadcrumbs-separator css-jhr02i-MuiBreadcrumbs-separator"
        >
          /
        </li>
        <li
          class="MuiBreadcrumbs-li"
        >
          <p
            class="MuiTypography-root MuiTypography-body1 css-1bgbmvw-MuiTypography-root"
            data-testid="title"
          >
            Season 
            1
          </p>
        </li>
      </ol>
    </nav>
    <svg
      aria-hidden="true"
      class="svg-inline--fa fa-spinner fa-w-16 fa-spin fa-xs "
      data-icon="spinner"
      data-prefix="fas"
      focusable="false"
      role="img"
      viewBox="0 0 512 512"
      xmlns="http://www.w3.org/2000/svg"
    >
      <path
        d="M304 48c0 26.51-21.49 48-48 48s-48-21.49-48-48 21.49-48 48-48 48 21.49 48 48zm-48 368c-26.51 0-48 21.49-48 48s21.49 48 48 48 48-21.49 48-48-21.49-48-48-48zm208-208c-26.51 0-48 21.49-48 48s21.49 48 48 48 48-21.49 48-48-21.49-48-48-48zM96 256c0-26.51-21.49-48-48-48S0 229.49 0 256s21.49 48 48 48 48-21.49 48-48zm12.922 99.078c-26.51 0-48 21.49-48 48s21.49 48 48 48 48-21.49 48-48c0-26.509-21.491-48-48-48zm294.156 0c-26.51 0-48 21.49-48 48s21.49 48 48 48 48-21.49 48-48c0-26.509-21.49-48-48-48zM108.922 60.922c-26.51 0-48 21.49-48 48s21.49 48 48 48 48-21.49 48-48-21.491-48-48-48z"
        fill="currentColor"
      />
    </svg>
    <div>
      <h3>
        Packs
      </h3>
      <ul />
    </div>
    <div>
      <h3>
        Complete Sets
      </h3>
      <ul />
    </div>
    <div>
      <h3>
        Incomplete Sets
      </h3>
      <ul />
    </div>
  </div>
</div>
`;

exports[`DownloadAllComponent 2`] = `
<div>
  <div>
    <nav
      aria-label="breadcrumb"
      class="MuiTypography-root MuiTypography-body1 MuiBreadcrumbs-root css-5cvx94-MuiTypography-root-MuiBreadcrumbs-root"
    >
      <ol
        class="MuiBreadcrumbs-ol css-1uwp4ue-MuiBreadcrumbs-ol"
      >
        <li
          class="MuiBreadcrumbs-li"
        >
          <nav
            class="MuiTypography-root MuiTypography-body1 MuiBreadcrumbs-root css-5cvx94-MuiTypography-root-MuiBreadcrumbs-root"
          >
            <ol
              class="MuiBreadcrumbs-ol css-1uwp4ue-MuiBreadcrumbs-ol"
            >
              <li
                class="MuiBreadcrumbs-li"
              >
                <a
                  class="MuiTypography-root MuiTypography-inherit MuiLink-root MuiLink-underlineHover css-nv1n36-MuiTypography-root-MuiLink-root"
                  href="/"
                >
                  Home
                </a>
              </li>
              <li
                aria-hidden="true"
                class="MuiBreadcrumbs-separator css-jhr02i-MuiBreadcrumbs-separator"
              >
                /
              </li>
              <li
                class="MuiBreadcrumbs-li"
              >
                <p
                  class="MuiTypography-root MuiTypography-body1 css-rizt0-MuiTypography-root"
                >
                  Search Results
                </p>
              </li>
            </ol>
          </nav>
        </li>
        <li
          aria-hidden="true"
          class="MuiBreadcrumbs-separator css-jhr02i-MuiBreadcrumbs-separator"
        >
          /
        </li>
        <li
          class="MuiBreadcrumbs-li"
        >
          <a
            class="MuiTypography-root MuiTypography-inherit MuiLink-root MuiLink-underlineHover css-nv1n36-MuiTypography-root-MuiLink-root"
            href="/select/1/season"
          />
        </li>
        <li
          aria-hidden="true"
          class="MuiBreadcrumbs-separator css-jhr02i-MuiBreadcrumbs-separator"
        >
          /
        </li>
        <li
          class="MuiBreadcrumbs-li"
        >
          <p
            class="MuiTypography-root MuiTypography-body1 css-1bgbmvw-MuiTypography-root"
            data-testid="title"
          >
            Season 
            1
          </p>
        </li>
      </ol>
    </nav>
    <div>
      <h3>
        Packs
      </h3>
      <ul>
        <li>
          <span>
            <strong
              title="horriblesubs"
            >
              H
            </strong>
             
            <a
              class="MuiTypography-root MuiTypography-inherit MuiLink-root MuiLink-underlineHover css-73o1y3-MuiTypography-root-MuiLink-root"
              href="/download"
            >
              Hello World
            </a>
             
            <small>
              5
            </small>
             
          </span>
        </li>
      </ul>
    </div>
    <div>
      <h3>
        Complete Sets
      </h3>
      <ul />
      <p>
        No results found
      </p>
    </div>
    <div>
      <h3>
        Incomplete Sets
      </h3>
      <ul />
      <p>
        No results found
      </p>
    </div>
  </div>
</div>
`;
