// Jest Snapshot v1, https://goo.gl/fbAQLP

exports[`render 1`] = `
<div>
  <div>
    <div>
      <h3>
        Mause
      </h3>
      Movie: 
      1
      <br />
      Episode: 
      1
      <br />
    </div>
  </div>
</div>
`;
