// Jest Snapshot v1, https://goo.gl/fbAQLP

exports[`Storybook renders without crashing 1`] = `
<div
  aria-hidden="true"
>
  <div>
    <svg
      aria-hidden="true"
      class="svg-inline--fa fa-list fa-w-16 "
      data-icon="list"
      data-prefix="fas"
      data-testid="context-menu-open"
      focusable="false"
      role="img"
      style="cursor: context-menu;"
      viewBox="0 0 512 512"
      xmlns="http://www.w3.org/2000/svg"
    >
      <path
        d="M80 368H16a16 16 0 0 0-16 16v64a16 16 0 0 0 16 16h64a16 16 0 0 0 16-16v-64a16 16 0 0 0-16-16zm0-320H16A16 16 0 0 0 0 64v64a16 16 0 0 0 16 16h64a16 16 0 0 0 16-16V64a16 16 0 0 0-16-16zm0 160H16a16 16 0 0 0-16 16v64a16 16 0 0 0 16 16h64a16 16 0 0 0 16-16v-64a16 16 0 0 0-16-16zm416 176H176a16 16 0 0 0-16 16v32a16 16 0 0 0 16 16h320a16 16 0 0 0 16-16v-32a16 16 0 0 0-16-16zm0-320H176a16 16 0 0 0-16 16v32a16 16 0 0 0 16 16h320a16 16 0 0 0 16-16V80a16 16 0 0 0-16-16zm0 160H176a16 16 0 0 0-16 16v32a16 16 0 0 0 16 16h320a16 16 0 0 0 16-16v-32a16 16 0 0 0-16-16z"
        fill="currentColor"
      />
    </svg>
    <hr />
    <li>
      Storybook
      : 
      <ul>
        <li>
          <svg
            aria-hidden="true"
            class="svg-inline--fa fa-circle fa-w-16 green"
            data-icon="circle"
            data-prefix="fas"
            focusable="false"
            role="img"
            viewBox="0 0 512 512"
            xmlns="http://www.w3.org/2000/svg"
          >
            <path
              d="M256 8C119 8 8 119 8 256s111 248 248 248 248-111 248-248S393 8 256 8z"
              fill="currentColor"
            />
          </svg>
          <pre>
            <code>
              {
  "component_name": "Storybook",
  "component_type": "datastore",
  "status": "pass",
  "time": "2022-01-01T10:10:00",
  "output": {
    "hello": "world"
  }
}
            </code>
          </pre>
        </li>
      </ul>
    </li>
  </div>
</div>
`;
